pytest : E:\Anaconda\envs\VinUni-AgentAI\Lib\site-packages\requests\__init__.py:113: RequestsDependencyWarning: urllib3 (2.3.0) or chardet (7.4.0.post2)/charset_normalizer (3.4.1) doesn't match a supported version!
At line:1 char:1
+ pytest tests/ -v --tb=short 2>&1 | tee reports/test_output.txt
+ ~~~~~~~~~~~~~~~~~~~~~~~~~~~~~~~~
    + CategoryInfo          : NotSpecified: (E:\Anaconda\env...ported version!:String) [], RemoteException
    + FullyQualifiedErrorId : NativeCommandError
 
  warnings.warn(
E:\Anaconda\envs\VinUni-AgentAI\Lib\site-packages\pytest_asyncio\plugin.py:247: PytestDeprecationWarning: The configuration option "asyncio_default_fixture_loop_scope" is unset.
The event loop scope for asynchronous fixtures will default to the fixture caching scope. Future versions of pytest-asyncio will default the loop scope for asynchronous fixtures to function scope. Set the default fixture loop scope explicitly in order to 
avoid unexpected behavior in the future. Valid fixture loop scopes are: "function", "class", "module", "package", "session"

  warnings.warn(PytestDeprecationWarning(_DEFAULT_FIXTURE_LOOP_SCOPE_UNSET))
============================= test session starts =============================
platform win32 -- Python 3.11.15, pytest-8.3.5, pluggy-1.6.0 -- E:\Anaconda\envs\VinUni-AgentAI\python.exe
cachedir: .pytest_cache
hypothesis profile 'default'
rootdir: C:\Users\NGUYENTIENDAT\Downloads\phase2-track3-day10-reliability-agent-BONUS\phase2-track3-day10-reliability-agent-DONE
configfile: pyproject.toml
plugins: anyio-4.8.0, hypothesis-6.152.6, langsmith-0.7.23, asyncio-1.3.0, cov-7.1.0
asyncio: mode=Mode.STRICT, debug=False, asyncio_default_fixture_loop_scope=None, asyncio_default_test_loop_scope=function
collecting ... collected 48 items

tests/test_cache_extra.py::test_privacy_query_not_stored PASSED          [  2%]
tests/test_cache_extra.py::test_privacy_query_not_retrieved PASSED       [  4%]
tests/test_cache_extra.py::test_exact_match_returns_score_1 PASSED       [  6%]
tests/test_cache_extra.py::test_false_hit_different_years_blocked PASSED [  8%]
tests/test_cache_extra.py::test_is_uncacheable_patterns PASSED           [ 10%]
tests/test_cache_extra.py::test_looks_like_false_hit_year_mismatch PASSED [ 12%]
tests/test_circuit_breaker.py::test_starts_closed PASSED                 [ 14%]
tests/test_circuit_breaker.py::test_opens_after_threshold_failures PASSED [ 16%]
tests/test_circuit_breaker.py::test_open_raises_immediately PASSED       [ 18%]
tests/test_circuit_breaker.py::test_open_to_half_open_after_timeout PASSED [ 20%]
tests/test_circuit_breaker.py::test_half_open_success_closes PASSED      [ 22%]
tests/test_circuit_breaker.py::test_half_open_failure_reopens PASSED     [ 25%]
tests/test_circuit_breaker.py::test_no_retry_storm_when_open PASSED      [ 27%]
tests/test_circuit_breaker.py::test_full_cycle_closed_open_half_open_closed PASSED [ 29%]
tests/test_config.py::test_default_config_loads PASSED                   [ 31%]
tests/test_config.py::test_scenarios_loaded PASSED                       [ 33%]
tests/test_gateway_contract.py::test_gateway_returns_response_with_route_reason PASSED [ 35%]
tests/test_gateway_contract.py::test_circuit_opens_and_fallback_serves PASSED [ 37%]
tests/test_gateway_contract.py::test_static_fallback_when_all_providers_fail PASSED [ 39%]
tests/test_gateway_contract.py::test_cache_hit_skips_providers PASSED    [ 41%]
tests/test_metrics.py::test_percentile PASSED                            [ 43%]
tests/test_metrics.py::test_report_dict_contains_required_metrics PASSED [ 45%]
tests/test_property_based.py::test_state_always_valid PASSED             [ 47%]
tests/test_property_based.py::test_consecutive_failures_open_circuit PASSED [ 50%]
tests/test_property_based.py::test_open_circuit_fails_fast PASSED        [ 52%]
tests/test_property_based.py::test_transition_log_monotonic PASSED       [ 54%]
tests/test_property_based.py::test_half_open_single_success_closes PASSED [ 56%]
tests/test_property_based.py::test_half_open_any_failure_reopens PASSED  [ 58%]
tests/test_property_based.py::test_counters_never_negative PASSED        [ 60%]
tests/test_property_based.py::test_successes_never_open_circuit PASSED   [ 62%]
tests/test_property_based.py::test_transition_log_valid_pairs PASSED     [ 64%]
tests/test_property_based.py::test_failure_count_resets_on_open PASSED   [ 66%]
tests/test_property_based.py::test_opened_at_set_on_open PASSED          [ 68%]
tests/test_redis_cache.py::test_redis_connection PASSED                  [ 70%]
tests/test_redis_cache.py::test_set_and_exact_get PASSED                 [ 72%]
tests/test_redis_cache.py::test_ttl_expiry PASSED                        [ 75%]
tests/test_redis_cache.py::test_shared_state_across_instances PASSED     [ 77%]
tests/test_redis_cache.py::test_privacy_query_not_cached PASSED          [ 79%]
tests/test_redis_cache.py::test_false_hit_different_years PASSED         [ 81%]
tests/test_redis_circuit_breaker.py::test_graceful_degradation_no_redis PASSED [ 83%]
tests/test_redis_circuit_breaker.py::test_graceful_degradation_call_raises_open PASSED [ 85%]
tests/test_redis_circuit_breaker.py::test_starts_closed_redis PASSED     [ 87%]
tests/test_redis_circuit_breaker.py::test_opens_after_threshold_redis PASSED [ 89%]
tests/test_redis_circuit_breaker.py::test_open_fails_fast_redis PASSED   [ 91%]
tests/test_redis_circuit_breaker.py::test_open_to_half_open_after_timeout_redis PASSED [ 93%]
tests/test_redis_circuit_breaker.py::test_half_open_success_closes_redis PASSED [ 95%]
tests/test_redis_circuit_breaker.py::test_shared_state_across_instances PASSED [ 97%]
tests/test_todo_requirements.py::test_semantic_cache_should_not_false_hit_different_intent XPASS [100%]

======================= 47 passed, 1 xpassed in 13.92s ========================
